Router0>enable
Password: 
Router0#exit









Router0 con0 is now available






Press RETURN to get started.













Router0>en
Password: 
Router0#exit









Router0 con0 is now available






Press RETURN to get started.













Router0>e /
% Ambiguous command: "e /"
Router0>e ?
% Ambiguous command: "e "
Router0>e ?
% Ambiguous command: "e "
Router0>e ?
% Ambiguous command: "e "
Router0>e e?
% Ambiguous command: "e e"
Router0>en
Password: 
Router0#configure terminal
Enter configuration commands, one per line.  End with CNTL/Z.
Router0(config)#exit
Router0#
%SYS-5-CONFIG_I: Configured from console by console

Router0#conf t
Enter configuration commands, one per line.  End with CNTL/Z.
Router0(config)#hostname R1
R1(config)#sh run
            ^
% Invalid input detected at '^' marker.
	
R1(config)#do sh run
Building configuration...

Current configuration : 780 bytes
!
version 15.1
no service timestamps log datetime msec
no service timestamps debug datetime msec
no service password-encryption
!
hostname R1
!
!
!
enable secret 5 $1$mERr$YlCkLMcTYWwkF1Ccndtll.
enable password CCNA
!
!
!
!
!
!
ip cef
no ipv6 cef
!
!

R1(config)#service password-encryption
R1(config)#do sh run
Building configuration...

Current configuration : 796 bytes
!
version 15.1
no service timestamps log datetime msec
no service timestamps debug datetime msec
service password-encryption
!
hostname R1
!
!
!
enable secret 5 $1$mERr$YlCkLMcTYWwkF1Ccndtll.
enable password 7 08026F6028
!
!
!
!
!
!
ip cef
no ipv6 cef

R1(config)#write
           ^
% Invalid input detected at '^' marker.
	
R1(config)#exit
R1#
%SYS-5-CONFIG_I: Configured from console by console

R1#write
Building configuration...
[OK]
R1#wr
Building configuration...
[OK]
R1#write mem
Building configuration...
[OK]
R1#write memory
Building configuration...
[OK]
R1#copy
% Incomplete command.
R1#copy run
% Incomplete command.
R1#copy running-config start
Destination filename [startup-config]? 
Building configuration...
[OK]
R1#copy running-config startup-config
Destination filename [startup-config]? 
Building configuration...
[OK]
R1#sh run
Building configuration...

Current configuration : 796 bytes
!
version 15.1
no service timestamps log datetime msec
no service timestamps debug datetime msec
service password-encryption
!
hostname R1
!
!
!
enable secret 5 $1$mERr$YlCkLMcTYWwkF1Ccndtll.
enable password 7 08026F6028
!
!
!
!
!
!
ip cef
 --More-- 