!
spanning-tree mode pvst
spanning-tree extend system-id
!
interface FastEthernet0/1
!
interface FastEthernet0/2
!

S1#conf t
Enter configuration commands, one per line.  End with CNTL/Z.
S1(config)#enable password CCNA
S1(config)#exit
S1#
%SYS-5-CONFIG_I: Configured from console by console

S1#exit









S1 con0 is now available






Press RETURN to get started.













S1>enable
Password: 
S1#sh run
Building configuration...

Current configuration : 1099 bytes
!
version 15.0
no service timestamps log datetime msec
no service timestamps debug datetime msec
no service password-encryption
!
hostname S1
!
enable password CCNA
!
!
!
!
!
!
spanning-tree mode pvst
spanning-tree extend system-id
!
interface FastEthernet0/1
!

S1#conf t
Enter configuration commands, one per line.  End with CNTL/Z.
S1(config)#service password-encryption
S1(config)#exit
S1#
%SYS-5-CONFIG_I: Configured from console by console

S1#sh run
Building configuration...

Current configuration : 1104 bytes
!
version 15.0
no service timestamps log datetime msec
no service timestamps debug datetime msec
service password-encryption
!
hostname S1
!
enable password 7 08026F6028
!
!
!
!
!
!
spanning-tree mode pvst
spanning-tree extend system-id
!
interface FastEthernet0/1

S1#conf t
Enter configuration commands, one per line.  End with CNTL/Z.
S1(config)#enable secret Cisco
S1(config)#exit
S1#
%SYS-5-CONFIG_I: Configured from console by console

S1#enable
S1#Cisco
Translating "Cisco"...domain server (255.255.255.255)
% Unknown command or computer name, or unable to find computer address

S1#exit









S1 con0 is now available






Press RETURN to get started.













S1>enable
Password: 
S1#conf t
Enter configuration commands, one per line.  End with CNTL/Z.
S1(config)#sh run
            ^
% Invalid input detected at '^' marker.
	
S1(config)#do sh run
Building configuration...

Current configuration : 1151 bytes
!
version 15.0
no service timestamps log datetime msec
no service timestamps debug datetime msec
service password-encryption
!
hostname S1
!
enable secret 5 $1$mERr$YlCkLMcTYWwkF1Ccndtll.
enable password 7 08026F6028
!
!
!
!
!
!
spanning-tree mode pvst
spanning-tree extend system-id
!

S1(config)#exit
S1#
%SYS-5-CONFIG_I: Configured from console by console

S1#wr
Building configuration...
[OK]
S1#copy running-config start
Destination filename [startup-config]? 
Building configuration...
[OK]
S1#copy running-config startup config
                               ^
% Invalid input detected at '^' marker.
	
S1#copy running-config startup-config
Destination filename [startup-config]? 
Building configuration...
[OK]
S1#sh run
Building configuration...

Current configuration : 1151 bytes
!
version 15.0
no service timestamps log datetime msec
no service timestamps debug datetime msec
service password-encryption
!
hostname S1
!
enable secret 5 $1$mERr$YlCkLMcTYWwkF1Ccndtll.
enable password 7 08026F6028
!
!
!
!
!
!
spanning-tree mode pvst
spanning-tree extend system-id
!
 --More-- 